// Jest Snapshot v1, https://goo.gl/fbAQLP

exports[`CalDavSettings interactions 1`] = `
<div>
  <div
    class="settings-section"
    data-v-4115f3cb=""
  >
    <h2
      class="settings-section__title"
      data-v-4115f3cb=""
    >
      
		Calendar server
		
      <a
        class="settings-section__info"
        data-v-4115f3cb=""
        href="https://docs.nextcloud.com/server/23/go.php?to=user-sync-calendars"
        role="note"
        title="External documentation for Calendar server"
      >
        <span
          aria-hidden="true"
          class="material-design-icon help-circle-icon"
          data-v-4115f3cb=""
          role="img"
        >
          <svg
            class="material-design-icon__svg"
            fill="currentColor"
            height="20"
            viewBox="0 0 24 24"
            width="20"
          >
            <path
              d="M15.07,11.25L14.17,12.17C13.45,12.89 13,13.5 13,15H11V14.5C11,13.39 11.45,12.39 12.17,11.67L13.41,10.41C13.78,10.05 14,9.55 14,9C14,7.89 13.1,7 12,7A2,2 0 0,0 10,9H8A4,4 0 0,1 12,5A4,4 0 0,1 16,9C16,9.88 15.64,10.67 15.07,11.25M13,19H11V17H13M12,2A10,10 0 0,0 2,12A10,10 0 0,0 12,22A10,10 0 0,0 22,12C22,6.47 17.5,2 12,2Z"
            >
              <!---->
            </path>
          </svg>
        </span>
      </a>
    </h2>
     
    <!---->
     
    <p
      class="settings-hint"
      data-v-4115f3cb=""
    >
      Also install the 
      <a
        href="../apps/office/calendar"
        target="_blank"
      >
        Calendar app
      </a>
      , or 
      <a
        href="https://docs.nextcloud.com/server/23/go.php?to=user-sync-calendars"
        rel="noreferrer noopener"
        target="_blank"
      >
        connect your desktop & mobile for syncing â†—
      </a>
      .
    </p>
     
    <p
      data-v-4115f3cb=""
    >
      <span
        class="checkbox-radio-switch checkbox-radio-switch-switch checkbox-radio-switch--checked"
        data-v-4115f3cb=""
        data-v-797e24c1=""
        style="--icon-size: 36px;"
      >
        <input
          class="checkbox-radio-switch__input"
          data-v-797e24c1=""
          id="caldavSendInvitations"
          type="checkbox"
          value=""
        />
         
        <label
          class="checkbox-radio-switch__label"
          data-v-797e24c1=""
          for="caldavSendInvitations"
        >
          <span
            aria-hidden="true"
            class="material-design-icon toggle-switch-icon checkbox-radio-switch__icon"
            data-v-797e24c1=""
            role="img"
          >
            <svg
              class="material-design-icon__svg"
              fill="currentColor"
              height="36"
              viewBox="0 0 24 24"
              width="36"
            >
              <path
                d="M17,7H7A5,5 0 0,0 2,12A5,5 0 0,0 7,17H17A5,5 0 0,0 22,12A5,5 0 0,0 17,7M17,15A3,3 0 0,1 14,12A3,3 0 0,1 17,9A3,3 0 0,1 20,12A3,3 0 0,1 17,15Z"
              >
                <!---->
              </path>
            </svg>
          </span>
           
			Send invitations to attendees
		
        </label>
      </span>
       
      <em
        data-v-4115f3cb=""
      >
        Please make sure to properly set up 
        <a
          href="../admin#mail_general_settings"
        >
          the email server
        </a>
        .
      </em>
    </p>
     
    <p
      data-v-4115f3cb=""
    >
      <span
        class="checkbox-radio-switch checkbox checkbox-radio-switch-switch checkbox-radio-switch--checked"
        data-v-4115f3cb=""
        data-v-797e24c1=""
        style="--icon-size: 36px;"
      >
        <input
          class="checkbox-radio-switch__input"
          data-v-797e24c1=""
          id="caldavGenerateBirthdayCalendar"
          type="checkbox"
          value=""
        />
         
        <label
          class="checkbox-radio-switch__label"
          data-v-797e24c1=""
          for="caldavGenerateBirthdayCalendar"
        >
          <span
            aria-hidden="true"
            class="material-design-icon toggle-switch-icon checkbox-radio-switch__icon"
            data-v-797e24c1=""
            role="img"
          >
            <svg
              class="material-design-icon__svg"
              fill="currentColor"
              height="36"
              viewBox="0 0 24 24"
              width="36"
            >
              <path
                d="M17,7H7A5,5 0 0,0 2,12A5,5 0 0,0 7,17H17A5,5 0 0,0 22,12A5,5 0 0,0 17,7M17,15A3,3 0 0,1 14,12A3,3 0 0,1 17,9A3,3 0 0,1 20,12A3,3 0 0,1 17,15Z"
              >
                <!---->
              </path>
            </svg>
          </span>
           
			Automatically generate a birthday calendar
		
        </label>
      </span>
       
      <em
        data-v-4115f3cb=""
      >
        
			Birthday calendars will be generated by a background job.
		
      </em>
       
      <br
        data-v-4115f3cb=""
      />
       
      <em
        data-v-4115f3cb=""
      >
        
			Hence they will not be available immediately after enabling but will show up after some time.
		
      </em>
    </p>
     
    <p
      data-v-4115f3cb=""
    >
      <span
        class="checkbox-radio-switch checkbox-radio-switch-switch checkbox-radio-switch--checked"
        data-v-4115f3cb=""
        data-v-797e24c1=""
        style="--icon-size: 36px;"
      >
        <input
          class="checkbox-radio-switch__input"
          data-v-797e24c1=""
          id="caldavSendEventReminders"
          type="checkbox"
          value=""
        />
         
        <label
          class="checkbox-radio-switch__label"
          data-v-797e24c1=""
          for="caldavSendEventReminders"
        >
          <span
            aria-hidden="true"
            class="material-design-icon toggle-switch-icon checkbox-radio-switch__icon"
            data-v-797e24c1=""
            role="img"
          >
            <svg
              class="material-design-icon__svg"
              fill="currentColor"
              height="36"
              viewBox="0 0 24 24"
              width="36"
            >
              <path
                d="M17,7H7A5,5 0 0,0 2,12A5,5 0 0,0 7,17H17A5,5 0 0,0 22,12A5,5 0 0,0 17,7M17,15A3,3 0 0,1 14,12A3,3 0 0,1 17,9A3,3 0 0,1 20,12A3,3 0 0,1 17,15Z"
              >
                <!---->
              </path>
            </svg>
          </span>
           
			Send notifications for events
		
        </label>
      </span>
       
      <em
        data-v-4115f3cb=""
      >
        Please make sure to properly set up 
        <a
          href="../admin#mail_general_settings"
        >
          the email server
        </a>
        .
      </em>
       
      <br
        data-v-4115f3cb=""
      />
       
      <em
        data-v-4115f3cb=""
      >
        
			Notifications are sent via background jobs, so these must occur often enough.
		
      </em>
    </p>
     
    <p
      class="indented"
      data-v-4115f3cb=""
    >
      <span
        class="checkbox-radio-switch checkbox-radio-switch-switch checkbox-radio-switch--checked"
        data-v-4115f3cb=""
        data-v-797e24c1=""
        style="--icon-size: 36px;"
      >
        <input
          class="checkbox-radio-switch__input"
          data-v-797e24c1=""
          id="caldavSendEventRemindersToSharedGroupMembers"
          type="checkbox"
          value=""
        />
         
        <label
          class="checkbox-radio-switch__label"
          data-v-797e24c1=""
          for="caldavSendEventRemindersToSharedGroupMembers"
        >
          <span
            aria-hidden="true"
            class="material-design-icon toggle-switch-icon checkbox-radio-switch__icon"
            data-v-797e24c1=""
            role="img"
          >
            <svg
              class="material-design-icon__svg"
              fill="currentColor"
              height="36"
              viewBox="0 0 24 24"
              width="36"
            >
              <path
                d="M17,7H7A5,5 0 0,0 2,12A5,5 0 0,0 7,17H17A5,5 0 0,0 22,12A5,5 0 0,0 17,7M17,15A3,3 0 0,1 14,12A3,3 0 0,1 17,9A3,3 0 0,1 20,12A3,3 0 0,1 17,15Z"
              >
                <!---->
              </path>
            </svg>
          </span>
           
			Send reminder notifications to calendar sharees as well
		
        </label>
      </span>
       
      <em
        data-v-4115f3cb=""
      >
        
			Reminders are always sent to organizers and attendees.
		
      </em>
    </p>
     
    <p
      class="indented"
      data-v-4115f3cb=""
    >
      <span
        class="checkbox-radio-switch checkbox-radio-switch-switch checkbox-radio-switch--checked"
        data-v-4115f3cb=""
        data-v-797e24c1=""
        style="--icon-size: 36px;"
      >
        <input
          class="checkbox-radio-switch__input"
          data-v-797e24c1=""
          id="caldavSendEventRemindersPush"
          type="checkbox"
          value=""
        />
         
        <label
          class="checkbox-radio-switch__label"
          data-v-797e24c1=""
          for="caldavSendEventRemindersPush"
        >
          <span
            aria-hidden="true"
            class="material-design-icon toggle-switch-icon checkbox-radio-switch__icon"
            data-v-797e24c1=""
            role="img"
          >
            <svg
              class="material-design-icon__svg"
              fill="currentColor"
              height="36"
              viewBox="0 0 24 24"
              width="36"
            >
              <path
                d="M17,7H7A5,5 0 0,0 2,12A5,5 0 0,0 7,17H17A5,5 0 0,0 22,12A5,5 0 0,0 17,7M17,15A3,3 0 0,1 14,12A3,3 0 0,1 17,9A3,3 0 0,1 20,12A3,3 0 0,1 17,15Z"
              >
                <!---->
              </path>
            </svg>
          </span>
           
			Enable notifications for events via push
		
        </label>
      </span>
    </p>
  </div>
</div>
`;
